........................................................................ [  4%]
........................................................................ [  8%]
........................................................................ [ 12%]
........................................................................ [ 16%]
........................................................................ [ 20%]
........................................................................ [ 24%]
........................................................................ [ 29%]
........................................................................ [ 33%]
........................................................................ [ 37%]
................................................ssssss.................. [ 41%]
........................................................................ [ 45%]
........................................................................ [ 49%]
........................................................................ [ 54%]
........................................................................ [ 58%]
........................................................................ [ 62%]
........................................................................ [ 66%]
........................................................................ [ 70%]
........................................................................ [ 74%]
..............................s......................................... [ 79%]
........................................................................ [ 83%]
........................................................................ [ 87%]
........................................................................ [ 91%]
........................................................................ [ 95%]
........................................................................ [ 99%]
.                                                                        [100%]
=============================== warnings summary ===============================
scripts/dontpanic_orchestrate/tests/test_legacy_shim_compatibility.py::TestLegacyImportPaths::test_d_every_public_submodule_imports_via_legacy_name[firebase_client]
  /Users/bayesian/.pyenv/versions/3.10.13/lib/python3.10/site-packages/google/api_core/_python_version_support.py:273: FutureWarning: You are using a Python version (3.10.13) which Google will stop supporting in new releases of google.api_core once it reaches its end of life (2026-10-04). Please upgrade to the latest Python version, or at least Python 3.11, to continue receiving updates for google.api_core past that date.
    warnings.warn(message, FutureWarning)

-- Docs: https://docs.pytest.org/en/stable/how-to/capture-warnings.html
1722 passed, 7 skipped, 1 warning in 29.27s
