........................................................................ [  4%]
........................................................................ [  8%]
........................................................................ [ 12%]
........................................................................ [ 16%]
........................................................................ [ 20%]
........................................................................ [ 24%]
........................................................................ [ 28%]
........................................................................ [ 32%]
........................................................................ [ 36%]
................................................ssssss.................. [ 40%]
........................................................................ [ 44%]
........................................................................ [ 48%]
........................................................................ [ 52%]
........................................................................ [ 56%]
........................................................................ [ 60%]
........................................................................ [ 64%]
........................................................................ [ 68%]
........................................................................ [ 72%]
..............................s......................................... [ 76%]
........................................................................ [ 80%]
........................................................................ [ 84%]
........................................................................ [ 88%]
........................................................................ [ 92%]
........................................................................ [ 96%]
......................................................                   [100%]
=============================== warnings summary ===============================
scripts/dontpanic_orchestrate/tests/test_legacy_shim_compatibility.py::TestLegacyImportPaths::test_d_every_public_submodule_imports_via_legacy_name[firebase_client]
  $HOME/.pyenv/versions/3.10.13/lib/python3.10/site-packages/google/api_core/_python_version_support.py:273: FutureWarning: You are using a Python version (3.10.13) which Google will stop supporting in new releases of google.api_core once it reaches its end of life (2026-10-04). Please upgrade to the latest Python version, or at least Python 3.11, to continue receiving updates for google.api_core past that date.
    warnings.warn(message, FutureWarning)

-- Docs: https://docs.pytest.org/en/stable/how-to/capture-warnings.html
1775 passed, 7 skipped, 1 warning in 21.47s
